[0m23:32:01.543357 [debug] [MainThread]: Sending event: {'category': 'dbt', 'action': 'invocation', 'label': 'start', 'context': [<snowplow_tracker.self_describing_json.SelfDescribingJson object at 0x0000022DE80C3380>, <snowplow_tracker.self_describing_json.SelfDescribingJson object at 0x0000022DE58B3ED0>, <snowplow_tracker.self_describing_json.SelfDescribingJson object at 0x0000022DEAA7B890>]}


============================== 23:32:01.548443 | fb469aa1-9798-4172-b3e0-97a98b20f7a0 ==============================
[0m23:32:01.548443 [info ] [MainThread]: Running with dbt=1.12.3
[0m23:32:01.549005 [debug] [MainThread]: running dbt with arguments {'maximum_seed_size_mib': '1', 'no_print': 'None', 'version_check': 'True', 'warn_error_options': 'WarnErrorOptionsV2(error=[], warn=[], silence=[])', 'target_path': 'None', 'static_parser': 'True', 'printer_width': '80', 'write_json': 'True', 'empty': 'None', 'log_cache_events': 'False', 'introspect': 'True', 'cache_selected_only': 'False', 'log_format': 'default', 'debug': 'False', 'fail_fast': 'False', 'profiles_dir': 'C:\\Users\\ПК\\.dbt', 'send_anonymous_usage_stats': 'True', 'quiet': 'False', 'warn_error': 'None', 'partial_parse': 'True', 'indirect_selection': 'eager', 'hints_enabled': 'True', 'invocation_command': 'dbt init my_dbt_project', 'use_experimental_parser': 'False', 'use_colors': 'True', 'log_path': 'logs'}
[0m23:32:01.567307 [info ] [MainThread]: Creating dbt configuration folder at C:\Users\ПК\.dbt
[0m23:32:01.568991 [debug] [MainThread]: Starter project path: C:\Users\ПК\PycharmProjects\Data Analytycs\.venv\Lib\site-packages\dbt\include\starter_project
[0m23:32:01.579328 [info ] [MainThread]: Setting up your profile.
[0m23:35:06.409390 [info ] [MainThread]: Profile my_dbt_project written to C:\Users\ПК\.dbt\profiles.yml using target's profile_template.yml and your supplied values.
[0m23:35:06.411384 [info ] [MainThread]: Running dbt debug to validate the project...
[0m23:35:06.411918 [info ] [MainThread]: dbt version: 1.12.3
[0m23:35:06.412214 [info ] [MainThread]: python version: 3.14.7
[0m23:35:06.412456 [info ] [MainThread]: python path: C:\Users\ПК\PycharmProjects\Data Analytycs\.venv\Scripts\python.exe
[0m23:35:06.412738 [info ] [MainThread]: os info: Windows-11-10.0.26200-SP0
[0m23:35:06.439932 [info ] [MainThread]: Using profiles dir at C:\Users\ПК\.dbt
[0m23:35:06.440413 [info ] [MainThread]: Using profiles.yml file at C:\Users\ПК\.dbt\profiles.yml
[0m23:35:06.440770 [info ] [MainThread]: Using dbt_project.yml file at C:\Users\ПК\PycharmProjects\Data Analytycs\my_dbt_project\dbt_project.yml
[0m23:35:06.441724 [info ] [MainThread]: adapter type: postgres
[0m23:35:06.442011 [info ] [MainThread]: adapter version: 1.11.0
[0m23:35:06.520208 [info ] [MainThread]: Configuration:
[0m23:35:06.520695 [info ] [MainThread]:   profiles.yml file [[32mOK found and valid[0m]
[0m23:35:06.521004 [info ] [MainThread]:   dbt_project.yml file [[32mOK found and valid[0m]
[0m23:35:06.521352 [info ] [MainThread]: Required dependencies:
[0m23:35:06.521639 [debug] [MainThread]: Executing "git --help"
[0m23:35:06.551479 [debug] [MainThread]: STDOUT: "b"usage: git [-v | --version] [-h | --help] [-C <path>] [-c <name>=<value>]\n           [--exec-path[=<path>]] [--html-path] [--man-path] [--info-path]\n           [-p | --paginate | -P | --no-pager] [--no-replace-objects] [--no-lazy-fetch]\n           [--no-optional-locks] [--no-advice] [--bare] [--git-dir=<path>]\n           [--work-tree=<path>] [--namespace=<name>] [--config-env=<name>=<envvar>]\n           <command> [<args>]\n\nThese are common Git commands used in various situations:\n\nstart a working area (see also: git help tutorial)\n   clone      Clone a repository into a new directory\n   init       Create an empty Git repository or reinitialize an existing one\n\nwork on the current change (see also: git help everyday)\n   add        Add file contents to the index\n   mv         Move or rename a file, a directory, or a symlink\n   restore    Restore working tree files\n   rm         Remove files from the working tree and from the index\n\nexamine the history and state (see also: git help revisions)\n   bisect     Use binary search to find the commit that introduced a bug\n   diff       Show changes between commits, commit and working tree, etc\n   grep       Print lines matching a pattern\n   log        Show commit logs\n   show       Show various types of objects\n   status     Show the working tree status\n\ngrow, mark and tweak your common history\n   backfill   Download missing objects in a partial clone\n   branch     List, create, or delete branches\n   commit     Record changes to the repository\n   history    EXPERIMENTAL: Rewrite history\n   merge      Join two or more development histories together\n   rebase     Reapply commits on top of another base tip\n   reset      Set `HEAD` or the index to a known state\n   switch     Switch branches\n   tag        Create, list, delete or verify tags\n\ncollaborate (see also: git help workflows)\n   fetch      Download objects and refs from another repository\n   pull       Fetch from and integrate with another repository or a local branch\n   push       Update remote refs along with associated objects\n\n'git help -a' and 'git help -g' list available subcommands and some\nconcept guides. See 'git help <command>' or 'git help <concept>'\nto read about a specific subcommand or concept.\nSee 'git help git' for an overview of the system.\n""
[0m23:35:06.551906 [debug] [MainThread]: STDERR: "b''"
[0m23:35:06.552213 [info ] [MainThread]:  - git [[32mOK found[0m]

[0m23:35:06.552503 [info ] [MainThread]: Connection:
[0m23:35:06.552819 [info ] [MainThread]:   host: ep-hidden-poetry-b2q1bxzv-pooler.c-6.eu-central-1.aws.neon.tech
[0m23:35:06.553109 [info ] [MainThread]:   port: 5432
[0m23:35:06.553324 [info ] [MainThread]:   user: neondb_owner
[0m23:35:06.553520 [info ] [MainThread]:   database: olxdata2026
[0m23:35:06.553717 [info ] [MainThread]:   schema: raw
[0m23:35:06.553898 [info ] [MainThread]:   connect_timeout: 10
[0m23:35:06.554154 [info ] [MainThread]:   role: None
[0m23:35:06.554338 [info ] [MainThread]:   search_path: None
[0m23:35:06.554521 [info ] [MainThread]:   keepalives_idle: 0
[0m23:35:06.554706 [info ] [MainThread]:   sslmode: None
[0m23:35:06.554880 [info ] [MainThread]:   sslcert: None
[0m23:35:06.555053 [info ] [MainThread]:   sslkey: None
[0m23:35:06.555223 [info ] [MainThread]:   sslrootcert: None
[0m23:35:06.555397 [info ] [MainThread]:   application_name: dbt
[0m23:35:06.555574 [info ] [MainThread]:   autocommit: False
[0m23:35:06.555751 [info ] [MainThread]:   retries: 1
[0m23:35:06.556108 [info ] [MainThread]: Registered adapter: postgres=1.11.0
[0m23:35:06.691471 [debug] [MainThread]: Acquiring new postgres connection 'debug'
[0m23:35:06.734359 [debug] [MainThread]: Using postgres connection "debug"
[0m23:35:06.734761 [debug] [MainThread]: On debug: select 1 as id
[0m23:35:06.734962 [debug] [MainThread]: Opening a new connection, currently in state init
[0m23:35:07.304350 [debug] [MainThread]: Postgres adapter: Got a retryable error when attempting to open a postgres connection.
1 attempts remaining. Retrying in 0 seconds.
Error:
connection to server at "ep-hidden-poetry-b2q1bxzv-pooler.c-6.eu-central-1.aws.neon.tech" (2a05:d014:1ceb:c10d:4637:5cdc:2c83:b6cc), port 5432 failed: ERROR:  password authentication failed for user 'neondb_owner'
connection to server at "ep-hidden-poetry-b2q1bxzv-pooler.c-6.eu-central-1.aws.neon.tech" (2a05:d014:1ceb:c10d:4637:5cdc:2c83:b6cc), port 5432 failed: ERROR:  connection is insecure (try using `sslmode=require`)

[0m23:35:07.791623 [debug] [MainThread]: Postgres adapter: Error running SQL: select 1 as id
[0m23:35:07.791907 [debug] [MainThread]: Postgres adapter: Rolling back transaction.
[0m23:35:07.792113 [debug] [MainThread]: On debug: No close available on handle
[0m23:35:07.792311 [info ] [MainThread]:   Connection test: [[31mERROR[0m]

[0m23:35:07.792621 [info ] [MainThread]: [31m1 check failed:[0m
[0m23:35:07.792942 [info ] [MainThread]: dbt was unable to connect to the specified database.
The database returned the following error:

  >Database Error
  connection to server at "ep-hidden-poetry-b2q1bxzv-pooler.c-6.eu-central-1.aws.neon.tech" (2a05:d014:1ceb:c10d:4637:5cdc:2c83:b6cc), port 5432 failed: ERROR:  password authentication failed for user 'neondb_owner'
  connection to server at "ep-hidden-poetry-b2q1bxzv-pooler.c-6.eu-central-1.aws.neon.tech" (2a05:d014:1ceb:c10d:4637:5cdc:2c83:b6cc), port 5432 failed: ERROR:  connection is insecure (try using `sslmode=require`)
  

Check your database credentials and try again. For more information, visit:
https://docs.getdbt.com/docs/configure-your-profile


[0m23:35:07.793428 [info ] [MainThread]: Your new dbt project "my_dbt_project" was created!
Initialized new project in C:\Users\ПК\PycharmProjects\Data Analytycs\my_dbt_project\my_dbt_project

For more information on how to configure the profiles.yml file,
please consult the dbt documentation here:

  https://docs.getdbt.com/docs/configure-your-profile

One more thing:

Need help? Don't hesitate to reach out to us via GitHub issues or on Slack:

  https://community.getdbt.com/

Happy modeling!

[0m23:35:07.793692 [info ] [MainThread]: [31mYour profile may need adjustments. You can find the logs of `dbt debug` above[0m
[0m23:35:07.794422 [debug] [MainThread]: Command `dbt init` succeeded at 23:35:07.794313 after 186.36 seconds
[0m23:35:07.794650 [debug] [MainThread]: Connection 'debug' was properly closed.
[0m23:35:07.794877 [debug] [MainThread]: Sending event: {'category': 'dbt', 'action': 'invocation', 'label': 'end', 'context': [<snowplow_tracker.self_describing_json.SelfDescribingJson object at 0x0000022DEA8A6EA0>, <snowplow_tracker.self_describing_json.SelfDescribingJson object at 0x0000022DEAF0F9B0>, <snowplow_tracker.self_describing_json.SelfDescribingJson object at 0x0000022DEAF268B0>]}
[0m23:35:07.795140 [debug] [MainThread]: Flushing usage events
[0m23:35:08.568070 [debug] [MainThread]: An error was encountered while trying to flush usage events
[0m23:38:45.156493 [debug] [MainThread]: Sending event: {'category': 'dbt', 'action': 'invocation', 'label': 'start', 'context': [<snowplow_tracker.self_describing_json.SelfDescribingJson object at 0x000001A30A4EECF0>, <snowplow_tracker.self_describing_json.SelfDescribingJson object at 0x000001A307C97D90>, <snowplow_tracker.self_describing_json.SelfDescribingJson object at 0x000001A30CEFB890>]}


============================== 23:38:45.159731 | 6af1ea7a-2e58-45c7-a339-f1bead66a5d3 ==============================
[0m23:38:45.159731 [info ] [MainThread]: Running with dbt=1.12.3
[0m23:38:45.160226 [debug] [MainThread]: running dbt with arguments {'static_parser': 'True', 'no_print': 'None', 'version_check': 'True', 'warn_error_options': 'WarnErrorOptionsV2(error=[], warn=[], silence=[])', 'target_path': 'None', 'maximum_seed_size_mib': '1', 'printer_width': '80', 'write_json': 'True', 'empty': 'False', 'log_cache_events': 'False', 'introspect': 'True', 'cache_selected_only': 'False', 'log_format': 'default', 'debug': 'False', 'fail_fast': 'False', 'profiles_dir': 'C:\\Users\\ПК\\.dbt', 'send_anonymous_usage_stats': 'True', 'quiet': 'False', 'warn_error': 'None', 'partial_parse': 'True', 'indirect_selection': 'eager', 'hints_enabled': 'True', 'use_colors': 'True', 'use_experimental_parser': 'False', 'invocation_command': 'dbt run', 'log_path': 'logs'}
[0m23:38:45.160606 [error] [MainThread]: [[31mERROR[0m]: Encountered an error:
Runtime Error
  No dbt_project.yml found at expected path C:\Users\ПК\PycharmProjects\Data Analytycs\dbt_project.yml
  Verify that each entry within packages.yml (and their transitive dependencies) contains a file named dbt_project.yml
  
[0m23:38:45.161310 [debug] [MainThread]: Command `dbt run` failed at 23:38:45.161217 after 0.15 seconds
[0m23:38:45.161555 [debug] [MainThread]: Sending event: {'category': 'dbt', 'action': 'invocation', 'label': 'end', 'context': [<snowplow_tracker.self_describing_json.SelfDescribingJson object at 0x000001A30CD2B5C0>, <snowplow_tracker.self_describing_json.SelfDescribingJson object at 0x000001A30CEA20F0>, <snowplow_tracker.self_describing_json.SelfDescribingJson object at 0x000001A30CF0ECF0>]}
[0m23:38:45.161866 [debug] [MainThread]: Flushing usage events
[0m23:38:45.841968 [debug] [MainThread]: An error was encountered while trying to flush usage events
[0m20:28:44.856954 [debug] [MainThread]: Sending event: {'category': 'dbt', 'action': 'invocation', 'label': 'start', 'context': [<snowplow_tracker.self_describing_json.SelfDescribingJson object at 0x0000025E153CF380>, <snowplow_tracker.self_describing_json.SelfDescribingJson object at 0x0000025E12B87D90>, <snowplow_tracker.self_describing_json.SelfDescribingJson object at 0x0000025E17E0F890>]}


============================== 20:28:44.862467 | dc8fcba3-f46a-4a31-adcd-97d5a65b1b1f ==============================
[0m20:28:44.862467 [info ] [MainThread]: Running with dbt=1.12.3
[0m20:28:44.862972 [debug] [MainThread]: running dbt with arguments {'static_parser': 'True', 'no_print': 'None', 'version_check': 'True', 'warn_error_options': 'WarnErrorOptionsV2(error=[], warn=[], silence=[])', 'target_path': 'None', 'maximum_seed_size_mib': '1', 'printer_width': '80', 'write_json': 'True', 'introspect': 'True', 'log_cache_events': 'False', 'empty': 'False', 'cache_selected_only': 'False', 'fail_fast': 'False', 'debug': 'False', 'log_format': 'default', 'profiles_dir': 'C:\\Users\\ПК\\.dbt', 'send_anonymous_usage_stats': 'True', 'quiet': 'False', 'warn_error': 'None', 'partial_parse': 'True', 'use_colors': 'True', 'hints_enabled': 'True', 'invocation_command': 'dbt run', 'use_experimental_parser': 'False', 'indirect_selection': 'eager', 'log_path': 'logs'}
[0m20:28:44.863361 [error] [MainThread]: [[31mERROR[0m]: Encountered an error:
Runtime Error
  No dbt_project.yml found at expected path C:\Users\ПК\PycharmProjects\Data Analytycs\dbt_project.yml
  Verify that each entry within packages.yml (and their transitive dependencies) contains a file named dbt_project.yml
  
[0m20:28:44.864006 [debug] [MainThread]: Command `dbt run` failed at 20:28:44.863916 after 0.20 seconds
[0m20:28:44.864244 [debug] [MainThread]: Sending event: {'category': 'dbt', 'action': 'invocation', 'label': 'end', 'context': [<snowplow_tracker.self_describing_json.SelfDescribingJson object at 0x0000025E17C4BA80>, <snowplow_tracker.self_describing_json.SelfDescribingJson object at 0x0000025E17DA67B0>, <snowplow_tracker.self_describing_json.SelfDescribingJson object at 0x0000025E17E17240>]}
[0m20:28:44.864495 [debug] [MainThread]: Flushing usage events
[0m20:28:45.592119 [debug] [MainThread]: An error was encountered while trying to flush usage events
